I'm sorry, but errors were detected in your script. Please correct the
errors listed below, and try again.


File "game/script.rpy", line 7: expected '=' not found.
    define a 
             ^

Ren'Py Version: Ren'Py 8.3.2.24090902
Mon Dec 16 13:47:39 2024
